// Jest Snapshot v1, https://goo.gl/fbAQLP

exports[`should render Grocery correctly 1`] = `
<div
  className="list-type"
>
  <Link
    className="list-type__link"
    replace={false}
    to="grocerylists/grocery-list/201"
  >
    <p
      className="list-type__name"
    >
      Monday Meals
    </p>
  </Link>
  <p
    className="list-type__details"
  >
    number of items:
     
    <span
      className="list-type__details list-type__details--span"
    >
      8
    </span>
  </p>
  <div
    className="list-type__update"
  >
    <Link
      className="list-type__link"
      replace={false}
      to="grocerylists/edit/201"
    >
      <i
        className="list-type__edit fas fa-edit"
      />
    </Link>
    <i
      className="list-type__delete fas fa-trash"
      onClick={[Function]}
    />
  </div>
</div>
`;
